Combining Log archives and current log...
Separate app logs from combined log file...
Pseudonymize unrelated app log names...
Remove other webresource logs...
Cleaning logs from some false positive hits...
	Creating fake_bot.ips list from Drugst.One Standalone access not loading drugstone.js plugin...
	Created fake_bot.ips list!
	Apply general scraper filter and fake_bot.ips list filter to...
		../logs/drugstone-stable/backend-access.log
		../logs/apps/app-15-access.log
		../logs/apps/app-7-access.log
		../logs/app-34/website-access.log
		../logs/drugstone/cdn-access.log
		../logs/drugstone-stable/website-access.log
		../logs/drugstone/website-access.log
		../logs/apps/app-9-access.log
		../logs/epistasis-disease-atlas/igv-proxy-access.log
		../logs/apps/app-1-access.log
		../logs/epistasis-disease-atlas/files-access.log
		../logs/apps/app-13-access.log
		../logs/digest/website-access.log
		../logs/apps/app-11-access.log
		../logs/apps/app-17-access.log
		../logs/apps/app-12-access.log
		../logs/epistasis-disease-atlas/website-access.log
		../logs/apps/app-14-access.log
		../logs/apps/app-8-access.log
		../logs/app-31/api-access.log
		../logs/apps/app-19-access.log
		../logs/app-33/website-access.log
		../logs/digest/api-access.log
		../logs/apps/app-10-access.log
		../logs/nedrex-web/website-access.log
		../logs/drugstone/backend-access.log
		../logs/apps/app-3-access.log
		../logs/apps/app-2-access.log
		../logs/apps/app-16-access.log
		../logs/apps/app-20-access.log
		../logs/apps/app-5-access.log
		../logs/apps/app-4-access.log
		../logs/epistasis-disease-atlas/backend-access.log
		../logs/app-30/backend-access.log
		../logs/apps/app-6-access.log
		../logs/app-31/neo4j-access.log
		../logs/app-30/website-access.log
...Done
Creating summary figure for unique visits and absolute number of requests...
	Reading filtered logs...
		Reading: app-19...
		Reading: drugstone-backend...
		Reading: app-1...
		Reading: epistasis-disease-atlas-backend...
		Reading: app-16...
		Reading: app-2...
		Reading: app-31-neo4j...
		Reading: app-11...
		Reading: app-9...
		Reading: nedrex-web-website...
		Reading: digest-api...
		Reading: app-13...
		Reading: app-6...
		Reading: app-5...
		Reading: digest-website...
		Reading: epistasis-disease-atlas-igv-proxy...
		Reading: app-30-backend...
		Reading: epistasis-disease-atlas-website...
		Reading: drugstone-website...
		Reading: app-12...
		Reading: app-17...
		Reading: app-34-website...
		Reading: app-14...
		Reading: app-33-website...
		Reading: app-8...
		Reading: app-4...
		Reading: app-7...
		Reading: drugstone-stable-website...
		Reading: app-15...
		Reading: app-10...
		Reading: app-3...
		Reading: app-31-api...
		Reading: drugstone-stable-backend...
		Reading: epistasis-disease-atlas-files...
		Reading: app-30-website...
		Reading: app-20...
		Reading: drugstone-cdn...
	...Done
	Generating Combined Publication Figure...
	...Done
Figure safed as ../output/figure-usage_statistics_combined.png
Creating additional statistics for dissertation...
	NeDRex-Web - Website - Unique IPs: 4344
	Drugst.One - Website - Unique IPs: 23657
	Drugst.One - Plugin - Unique IPs: 43807
	Drugst.One - Website+Plugin - Unique IPs: 62785
	Drugst.One - Standalone - Unique Referrers: 6
	Drugst.One - Standalone - Referrals: 901
	Drugst.One - Standalone - Unique Referrers: 129
	Drugst.One - Plugin only (not through website): 39128
	Drugst.One - Plugin - Unique Integrator URLs: 74
	DIGEST - Website - Unique IPs: 11161
	DIGEST - API - Unique IPs: 2640
	DIGEST - API only (not through website): 1723
	Epistasis-Disease-Atlas - Website - Unique IPs: 12530
